NVIDIA L40S
device: cuda
  NVIDIA L40S

easiest config N64_D4, 12 trials x 8000 steps (batch 64 = 512,000 examples seen)

 vocab      lr      attn     acc   loss curve
------------------------------------------------------------------------------
   256   3e-04      (2,)   0.274   5.68 4.86 4.70 3.56 2.10 1.98 1.87 1.78 1.76
   256   3e-04    (1, 3)   0.255   5.68 2.96 2.15 1.65 1.56 1.52 1.49 1.47 1.47
   256   1e-03      (2,)   0.995   5.68 4.88 4.32 0.03 0.05 0.00 0.04 0.00 0.00  <-- LEARNS
   256   1e-03    (1, 3)   0.263   5.68 1.94 1.64 1.50 1.45 1.44 1.42 1.42 1.40
   256   3e-03      (2,)   0.248   5.68 4.87 4.38 4.15 4.10 4.05 4.07 4.01 4.01
   256   3e-03    (1, 3)   1.000   5.68 1.93 1.65 1.54 1.47 0.03 0.00 0.00 0.00  <-- LEARNS
  8192   3e-04      (2,)   0.000   9.22 8.34 8.33 8.32 8.33 8.31 8.32 8.33 8.32
  8192   3e-04    (1, 3)   0.208   9.23 8.33 8.25 7.79 7.16 6.71 6.51 6.41 6.29
  8192   1e-03      (2,)   0.000   9.22 8.34 8.33 8.32 8.32 8.31 8.32 8.32 8.32
  8192   1e-03    (1, 3)   0.214   9.23 8.28 7.72 6.62 5.60 4.65 4.12 3.97 3.84
  8192   3e-03      (2,)   0.134   9.22 8.32 8.14 8.05 7.81 7.65 7.52 7.50 7.43
  8192   3e-03    (1, 3)   0.043   9.23 8.26 8.19 8.10 8.03 7.78 7.50 7.39 7.37

=== VERDICT ===
  Setup CAN learn MQAR: 1.000 at vocab=256, lr=3e-03, attention_layers=[1, 3].
  Use this as the calibration baseline and sweep difficulty from here.

wrote /scratch/users/ericrcwu/liv/mqar/mqar_positive_control.json
