**
(kda-regime-arity.tex
LaTeX2e <2021-11-15> patch level 1
L3 programming layer <2022-02-24> (article.cls
Document Class: article 2021/10/04 v1.4n Standard LaTeX document class
(size10.clo
File: size10.clo 2021/10/04 v1.4n Standard LaTeX file (size option)
)
\c@part=\count181
\c@section=\count182
\c@subsection=\count183
\c@subsubsection=\count184
\c@paragraph=\count185
\c@subparagraph=\count186
\c@figure=\count187
\c@table=\count188
\abovecaptionskip=\skip47
\belowcaptionskip=\skip48
\bibindent=\dimen138
) (fontenc.sty
Package: fontenc 2021/04/29 v2.0v Standard LaTeX package
LaTeX Font Info:    Trying to load font information for T1+lmr on input line 11
2.
 (t1lmr.fd
File: t1lmr.fd 2015/05/01 v1.6.1 Font defs for Latin Modern
)) (mathptmx.sty
Package: mathptmx 2020/03/25 PSNFSS-v9.3 Times w/ Math, improved (SPQR, WaS) 
LaTeX Font Info:    Redeclaring symbol font `operators' on input line 28.
LaTeX Font Info:    Overwriting symbol font `operators' in version `normal'
(Font)                  OT1/cmr/m/n --> OT1/ztmcm/m/n on input line 28.
LaTeX Font Info:    Overwriting symbol font `operators' in version `bold'
(Font)                  OT1/cmr/bx/n --> OT1/ztmcm/m/n on input line 28.
LaTeX Font Info:    Redeclaring symbol font `letters' on input line 29.
LaTeX Font Info:    Overwriting symbol font `letters' in version `normal'
(Font)                  OML/cmm/m/it --> OML/ztmcm/m/it on input line 29.
LaTeX Font Info:    Overwriting symbol font `letters' in version `bold'
(Font)                  OML/cmm/b/it --> OML/ztmcm/m/it on input line 29.
LaTeX Font Info:    Redeclaring symbol font `symbols' on input line 30.
LaTeX Font Info:    Overwriting symbol font `symbols' in version `normal'
(Font)                  OMS/cmsy/m/n --> OMS/ztmcm/m/n on input line 30.
LaTeX Font Info:    Overwriting symbol font `symbols' in version `bold'
(Font)                  OMS/cmsy/b/n --> OMS/ztmcm/m/n on input line 30.
LaTeX Font Info:    Redeclaring symbol font `largesymbols' on input line 31.
LaTeX Font Info:    Overwriting symbol font `largesymbols' in version `normal'
(Font)                  OMX/cmex/m/n --> OMX/ztmcm/m/n on input line 31.
LaTeX Font Info:    Overwriting symbol font `largesymbols' in version `bold'
(Font)                  OMX/cmex/m/n --> OMX/ztmcm/m/n on input line 31.
\symbold=\mathgroup4
\symitalic=\mathgroup5
LaTeX Font Info:    Redeclaring math alphabet \mathbf on input line 34.
LaTeX Font Info:    Overwriting math alphabet `\mathbf' in version `normal'
(Font)                  OT1/cmr/bx/n --> OT1/ptm/bx/n on input line 34.
LaTeX Font Info:    Overwriting math alphabet `\mathbf' in version `bold'
(Font)                  OT1/cmr/bx/n --> OT1/ptm/bx/n on input line 34.
LaTeX Font Info:    Redeclaring math alphabet \mathit on input line 35.
LaTeX Font Info:    Overwriting math alphabet `\mathit' in version `normal'
(Font)                  OT1/cmr/m/it --> OT1/ptm/m/it on input line 35.
LaTeX Font Info:    Overwriting math alphabet `\mathit' in version `bold'
(Font)                  OT1/cmr/bx/it --> OT1/ptm/m/it on input line 35.
LaTeX Info: Redefining \hbar on input line 50.
) (geometry.sty
Package: geometry 2020/01/02 v5.9 Page Geometry
 (keyval.sty
Package: keyval 2014/10/28 v1.15 key=value parser (DPC)
\KV@toks@=\toks16
) (ifvtex.sty
Package: ifvtex 2019/10/25 v1.7 ifvtex legacy package. Use iftex instead.
 (iftex.sty
Package: iftex 2022/02/03 v1.0f TeX engine tests
))
\Gm@cnth=\count189
\Gm@cntv=\count190
\c@Gm@tempcnt=\count191
\Gm@bindingoffset=\dimen139
\Gm@wd@mp=\dimen140
\Gm@odd@mp=\dimen141
\Gm@even@mp=\dimen142
\Gm@layoutwidth=\dimen143
\Gm@layoutheight=\dimen144
\Gm@layouthoffset=\dimen145
\Gm@layoutvoffset=\dimen146
\Gm@dimlist=\toks17
) (microtype.sty
Package: microtype 2022/03/14 v3.0d Micro-typographical refinements (RS)
 (etoolbox.sty
Package: etoolbox 2020/10/05 v2.5k e-TeX tools for LaTeX (JAW)
\etb@tempcnta=\count192
)
\MT@toks=\toks18
\MT@tempbox=\box50
\MT@count=\count193
LaTeX Info: Redefining \noprotrusionifhmode on input line 1027.
LaTeX Info: Redefining \leftprotrusion on input line 1028.
LaTeX Info: Redefining \rightprotrusion on input line 1036.
LaTeX Info: Redefining \textls on input line 1195.
\MT@outer@kern=\dimen147
LaTeX Info: Redefining \textmicrotypecontext on input line 1781.
\MT@listname@count=\count194
 (microtype-xetex.def
File: microtype-xetex.def 2022/03/14 v3.0d Definitions specific to xetex (RS)
LaTeX Info: Redefining \lsstyle on input line 236.
)
Package microtype Info: Loading configuration file microtype.cfg.
(microtype.cfg
File: microtype.cfg 2022/03/14 v3.0d microtype main configuration file (RS)
)) (amsmath.sty
Package: amsmath 2021/10/15 v2.17l AMS math features
\@mathmargin=\skip49

For additional information on amsmath, use the `?' option.
(amstext.sty
Package: amstext 2021/08/26 v2.01 AMS text
 (amsgen.sty
File: amsgen.sty 1999/11/30 v2.0 generic functions
\@emptytoks=\toks19
\ex@=\dimen148
)) (amsbsy.sty
Package: amsbsy 1999/11/29 v1.2d Bold Symbols
\pmbraise@=\dimen149
) (amsopn.sty
Package: amsopn 2021/08/26 v2.02 operator names
)
\inf@bad=\count195
LaTeX Info: Redefining \frac on input line 234.
\uproot@=\count196
\leftroot@=\count197
LaTeX Info: Redefining \overline on input line 399.
\classnum@=\count198
\DOTSCASE@=\count199
LaTeX Info: Redefining \ldots on input line 496.
LaTeX Info: Redefining \dots on input line 499.
LaTeX Info: Redefining \cdots on input line 620.
\Mathstrutbox@=\box51
\strutbox@=\box52
\big@size=\dimen150
LaTeX Font Info:    Redeclaring font encoding OML on input line 743.
LaTeX Font Info:    Redeclaring font encoding OMS on input line 744.
\macc@depth=\count266
\c@MaxMatrixCols=\count267
\dotsspace@=\muskip16
\c@parentequation=\count268
\dspbrk@lvl=\count269
\tag@help=\toks20
\row@=\count270
\column@=\count271
\maxfields@=\count272
\andhelp@=\toks21
\eqnshift@=\dimen151
\alignsep@=\dimen152
\tagshift@=\dimen153
\tagwidth@=\dimen154
\totwidth@=\dimen155
\lineht@=\dimen156
\@envbody=\toks22
\multlinegap=\skip50
\multlinetaggap=\skip51
\mathdisplay@stack=\toks23
LaTeX Info: Redefining \[ on input line 2938.
LaTeX Info: Redefining \] on input line 2939.
) (amssymb.sty
Package: amssymb 2013/01/14 v3.01 AMS font symbols

(amsfonts.sty
Package: amsfonts 2013/01/14 v3.01 Basic AMSFonts support
\symAMSa=\mathgroup6
\symAMSb=\mathgroup7
LaTeX Font Info:    Overwriting math alphabet `\mathfrak' in version `bold'
(Font)                  U/euf/m/n --> U/euf/b/n on input line 106.
)) (booktabs.sty
Package: booktabs 2020/01/12 v1.61803398 Publication quality tables
\heavyrulewidth=\dimen157
\lightrulewidth=\dimen158
\cmidrulewidth=\dimen159
\belowrulesep=\dimen160
\belowbottomsep=\dimen161
\aboverulesep=\dimen162
\abovetopsep=\dimen163
\cmidrulesep=\dimen164
\cmidrulekern=\dimen165
\defaultaddspace=\dimen166
\@cmidla=\count273
\@cmidlb=\count274
\@aboverulesep=\dimen167
\@belowrulesep=\dimen168
\@thisruleclass=\count275
\@lastruleclass=\count276
\@thisrulewidth=\dimen169
) (float.sty
Package: float 2001/11/08 v1.3d Float enhancements (AL)
\c@float@type=\count277
\float@exts=\toks24
\float@box=\box53
\@float@everytoks=\toks25
\@floatcapt=\box54
) (xurl.sty
Package: xurl 2022/01/09 v 0.10 modify URL breaks
 (url.sty
\Urlmuskip=\muskip17
Package: url 2013/09/16  ver 3.4  Verb mode for urls, etc.
)) (authblk.sty
Package: authblk 2001/02/27 1.3 (PWD)
\affilsep=\skip52
\@affilsep=\skip53
\c@Maxaffil=\count278
\c@authors=\count279
\c@affil=\count280
)
LaTeX Font Info:    Trying to load font information for T1+ptm on input line 75
.

(t1ptm.fd
File: t1ptm.fd 2001/06/04 font definitions for T1/ptm.
) (l3backend-xetex.def
File: l3backend-xetex.def 2022-02-07 L3 backend support: XeTeX
\c__kernel_sys_dvipdfmx_version_int=\count281
\l__color_backend_stack_int=\count282
\g__color_backend_stack_int=\count283
\g__graphics_track_int=\count284
\l__pdf_internal_box=\box55
\g__pdf_backend_object_int=\count285
\g__pdf_backend_annotation_int=\count286
\g__pdf_backend_link_int=\count287
) (kda-regime-arity.aux)
\openout1 = `kda-regime-arity.aux'.

LaTeX Font Info:    Checking defaults for OML/cmm/m/it on input line 75.
LaTeX Font Info:    ... okay on input line 75.
LaTeX Font Info:    Checking defaults for OMS/cmsy/m/n on input line 75.
LaTeX Font Info:    ... okay on input line 75.
LaTeX Font Info:    Checking defaults for OT1/cmr/m/n on input line 75.
LaTeX Font Info:    ... okay on input line 75.
LaTeX Font Info:    Checking defaults for T1/cmr/m/n on input line 75.
LaTeX Font Info:    ... okay on input line 75.
LaTeX Font Info:    Checking defaults for TS1/cmr/m/n on input line 75.
LaTeX Font Info:    Trying to load font information for TS1+cmr on input line 7
5.
 (ts1cmr.fd
File: ts1cmr.fd 2019/12/16 v2.5j Standard LaTeX font definitions
)
LaTeX Font Info:    ... okay on input line 75.
LaTeX Font Info:    Checking defaults for TU/lmr/m/n on input line 75.
LaTeX Font Info:    ... okay on input line 75.
LaTeX Font Info:    Checking defaults for OMX/cmex/m/n on input line 75.
LaTeX Font Info:    ... okay on input line 75.
LaTeX Font Info:    Checking defaults for U/cmr/m/n on input line 75.
LaTeX Font Info:    ... okay on input line 75.

*geometry* driver: auto-detecting
*geometry* detected driver: xetex
*geometry* verbose mode - [ preamble ] result:
* driver: xetex
* paper: letterpaper
* layout: <same size as paper>
* layoutoffset:(h,v)=(0.0pt,0.0pt)
* modes: 
* h-part:(L,W,R)=(54.2025pt, 505.89pt, 54.2025pt)
* v-part:(T,H,B)=(54.2025pt, 686.56499pt, 54.2025pt)
* \paperwidth=614.295pt
* \paperheight=794.96999pt
* \textwidth=505.89pt
* \textheight=686.56499pt
* \oddsidemargin=-18.06749pt
* \evensidemargin=-18.06749pt
* \topmargin=-55.06749pt
* \headheight=12.0pt
* \headsep=25.0pt
* \topskip=10.0pt
* \footskip=30.0pt
* \marginparwidth=4.0pt
* \marginparsep=10.0pt
* \columnsep=18.06749pt
* \skip\footins=9.0pt plus 4.0pt minus 2.0pt
* \hoffset=0.0pt
* \voffset=0.0pt
* \mag=1000
* \@twocolumntrue
* \@twosidefalse
* \@mparswitchfalse
* \@reversemarginfalse
* (1in=72.27pt=25.4mm, 1cm=28.453pt)

LaTeX Info: Redefining \microtypecontext on input line 75.
Package microtype Info: Applying patch `item' on input line 75.
Package microtype Info: Applying patch `toc' on input line 75.
Package microtype Info: Applying patch `eqnum' on input line 75.
Package microtype Info: Applying patch `footnote' on input line 75.
Package microtype Info: Character protrusion enabled (level 2).
Package microtype Info: Using default protrusion set `alltext'.
Package microtype Info: No adjustment of tracking.
Package microtype Info: No adjustment of spacing.
Package microtype Info: No adjustment of kerning.
(mt-ptm.cfg
File: mt-ptm.cfg 2006/04/20 v1.7 microtype config. file: Times (RS)
)
LaTeX Font Info:    Trying to load font information for OT1+ztmcm on input line
 123.
 (ot1ztmcm.fd
File: ot1ztmcm.fd 2000/01/03 Fontinst v1.801 font definitions for OT1/ztmcm.
)
Package microtype Info: Loading generic protrusion settings for font family
(microtype)             `ztmcm' (encoding: OT1).
(microtype)             For optimal results, create family-specific settings.
(microtype)             See the microtype manual for details.
LaTeX Font Info:    Trying to load font information for OML+ztmcm on input line
 123.
 (omlztmcm.fd
File: omlztmcm.fd 2000/01/03 Fontinst v1.801 font definitions for OML/ztmcm.
)
LaTeX Font Info:    Trying to load font information for OMS+ztmcm on input line
 123.
 (omsztmcm.fd
File: omsztmcm.fd 2000/01/03 Fontinst v1.801 font definitions for OMS/ztmcm.
)
LaTeX Font Info:    Trying to load font information for OMX+ztmcm on input line
 123.
 (omxztmcm.fd
File: omxztmcm.fd 2000/01/03 Fontinst v1.801 font definitions for OMX/ztmcm.
)
LaTeX Font Info:    Trying to load font information for OT1+ptm on input line 1
23.
 (ot1ptm.fd
File: ot1ptm.fd 2001/06/04 font definitions for OT1/ptm.
)
LaTeX Font Info:    Font shape `OT1/ptm/bx/n' in size <17.28> not available
(Font)              Font shape `OT1/ptm/b/n' tried instead on input line 123.
LaTeX Font Info:    Font shape `OT1/ptm/bx/n' in size <12> not available
(Font)              Font shape `OT1/ptm/b/n' tried instead on input line 123.
LaTeX Font Info:    Font shape `OT1/ptm/bx/n' in size <10> not available
(Font)              Font shape `OT1/ptm/b/n' tried instead on input line 123.
 (mt-msa.cfg
File: mt-msa.cfg 2006/02/04 v1.1 microtype config. file: AMS symbols (a) (RS)
) (mt-msb.cfg
File: mt-msb.cfg 2005/06/01 v1.0 microtype config. file: AMS symbols (b) (RS)
)
LaTeX Font Info:    Font shape `OT1/ptm/bx/n' in size <7.4> not available
(Font)              Font shape `OT1/ptm/b/n' tried instead on input line 123.
LaTeX Font Info:    Font shape `OT1/ptm/bx/n' in size <6> not available
(Font)              Font shape `OT1/ptm/b/n' tried instead on input line 123.
LaTeX Font Info:    Font shape `OT1/ptm/bx/n' in size <9> not available
(Font)              Font shape `OT1/ptm/b/n' tried instead on input line 123.
LaTeX Font Info:    Font shape `OT1/ptm/bx/n' in size <7> not available
(Font)              Font shape `OT1/ptm/b/n' tried instead on input line 123.
LaTeX Font Info:    Font shape `OT1/ptm/bx/n' in size <5> not available
(Font)              Font shape `OT1/ptm/b/n' tried instead on input line 123.

Underfull \vbox (badness 1769) has occurred while \output is active []


Underfull \vbox (badness 10000) has occurred while \output is active []

 [1


]
LaTeX Font Info:    Trying to load font information for T1+lmtt on input line 1
83.

(t1lmtt.fd
File: t1lmtt.fd 2015/05/01 v1.6.1 Font defs for Latin Modern
)
Package microtype Info: Loading generic protrusion settings for font family
(microtype)             `lmtt' (encoding: T1).
(microtype)             For optimal results, create family-specific settings.
(microtype)             See the microtype manual for details.
 [2]
Underfull \hbox (badness 10000) in paragraph at lines 399--406
[]\T1/ptm/m/it/10 Learning rate. \T1/ptm/m/n/10 The two strict arms are ad-
 []


Underfull \hbox (badness 10000) in paragraph at lines 399--406
\T1/ptm/m/n/10 di-tion-ally run at four peak rates span-ning $\OT1/ztmcm/m/n/10
 33\OMS/ztmcm/m/n/10 ^^B$\T1/ptm/m/n/10 ,
 []


Underfull \hbox (badness 2452) in paragraph at lines 399--406
\OMS/ztmcm/m/n/10 f\OT1/ztmcm/m/n/10 3[]10[]\OML/ztmcm/m/it/10 ; \OT1/ztmcm/m/n
/10 10[]\OML/ztmcm/m/it/10 ; \OT1/ztmcm/m/n/10 3[]10[]\OML/ztmcm/m/it/10 ; \OT1
/ztmcm/m/n/10 10[]\OMS/ztmcm/m/n/10 g$\T1/ptm/m/n/10 . This fac-tor is crossed
 []

[3]
LaTeX Font Info:    Font shape `OT1/ptm/bx/n' in size <8> not available
(Font)              Font shape `OT1/ptm/b/n' tried instead on input line 423.

Underfull \hbox (badness 1509) in paragraph at lines 485--493
 \T1/ptm/b/n/10 Com-pute and prove-nance.[] \T1/ptm/m/n/10 All 120 cells ran on
 one
 []


Underfull \hbox (badness 1314) in paragraph at lines 658--668
\T1/ptm/m/n/10 --- \T1/lmtt/m/n/10 R1 \T1/ptm/m/n/10 on $\OML/ztmcm/m/it/10 A[]
$ \T1/ptm/m/n/10 scores $\OT1/ztmcm/m/n/10 1\OML/ztmcm/m/it/10 :\OT1/ztmcm/m/n/
10 24$\T1/ptm/m/n/10 --$\OT1/ztmcm/m/n/10 1\OML/ztmcm/m/it/10 :\OT1/ztmcm/m/n/1
0 91%$ \T1/ptm/m/n/10 against $\OT1/ztmcm/m/n/10 1\OML/ztmcm/m/it/10 :\OT1/ztmc
m/m/n/10 67%$ \T1/ptm/m/n/10 chance.
 []

[4]
Underfull \hbox (badness 2096) in paragraph at lines 669--677
[]\T1/ptm/m/n/10 This also cor-rects an in-ter-pre-ta-tion we would oth-er-
 []


Underfull \hbox (badness 2762) in paragraph at lines 669--677
\T1/ptm/m/n/10 wise have of-fered. The strict-regime ar-ity ef-fect on
 []


Underfull \hbox (badness 2057) in paragraph at lines 669--677
\T1/ptm/m/n/10 about ex-tra fac-tors mat-ter-ing less as the task hard-ens.
 []


Underfull \hbox (badness 2229) in paragraph at lines 669--677
\T1/ptm/m/n/10 It is di-lu-tion: the pure pre-dic-tion $\OT1/ztmcm/m/n/10 (40\O
ML/ztmcm/m/it/10 =L\OT1/ztmcm/m/n/10 ) \OMS/ztmcm/m/n/10 ^^B []\OT1/ztmcm/m/n/1
0 (40)$
 []


Underfull \hbox (badness 4181) in paragraph at lines 669--677
\T1/ptm/m/n/10 gives $\OML/ztmcm/m/it/10 S[]$ $\OT1/ztmcm/m/n/10 +2\OML/ztmcm/m
/it/10 :\OT1/ztmcm/m/n/10 67\OML/ztmcm/m/it/10 ; \OT1/ztmcm/m/n/10 +1\OML/ztmcm
/m/it/10 :\OT1/ztmcm/m/n/10 67\OML/ztmcm/m/it/10 ; \OT1/ztmcm/m/n/10 +0\OML/ztm
cm/m/it/10 :\OT1/ztmcm/m/n/10 83\OML/ztmcm/m/it/10 ; \OT1/ztmcm/m/n/10 +0\OML/z
tmcm/m/it/10 :\OT1/ztmcm/m/n/10 42\OML/ztmcm/m/it/10 ; \OT1/ztmcm/m/n/10 +0\OML
/ztmcm/m/it/10 :\OT1/ztmcm/m/n/10 21$ \T1/ptm/m/n/10 against ob-
 []

[5]
Underfull \hbox (badness 1895) in paragraph at lines 740--744
\T1/ptm/m/n/10 The $\OML/ztmcm/m/it/10 R[]\OT1/ztmcm/m/n/10 1$ \T1/ptm/m/n/10 a
rms of the core square have $\OT1/ztmcm/m/n/10 998[]092$ \T1/ptm/m/n/10 non-
 []


Underfull \hbox (badness 5302) in paragraph at lines 740--744
\T1/ptm/m/n/10 embedding pa-ram-e-ters and the $\OML/ztmcm/m/it/10 R[]\OT1/ztmc
m/m/n/10 2$ \T1/ptm/m/n/10 arms $\OT1/ztmcm/m/n/10 1[]400[]524$\T1/ptm/m/n/10 ,

 []

[6] [7]
Underfull \hbox (badness 1297) in paragraph at lines 1052--1064
\T1/ptm/m/n/10 Our mod-els have $\OT1/ztmcm/m/n/10 1\OML/ztmcm/m/it/10 :\OT1/zt
mcm/m/n/10 0$\T1/ptm/m/n/10 --$\OT1/ztmcm/m/n/10 1\OML/ztmcm/m/it/10 :\OT1/ztmc
m/m/n/10 4$\T1/ptm/m/n/10 M mixer pa-ram-e-ters, no feed-
 []

[8] [9]
Underfull \hbox (badness 5446) in paragraph at lines 1207--1210
[]\T1/ptm/m/n/9 Kimi Team.  Kimi K3: Open fron-tier in-tel-li-gence.
 []


Underfull \hbox (badness 1097) in paragraph at lines 1212--1215
\T1/ptm/m/n/9 ers are se-cretly fast weight pro-gram-mers.  \T1/ptm/m/it/9 ICML
\T1/ptm/m/n/9 , 2021.
 []


Underfull \hbox (badness 1527) in paragraph at lines 1217--1221
[]\T1/ptm/m/n/9 J. Siems, T. Carstensen, A. Zela, F. Hut-ter, M. Pon-til,
 []


Underfull \hbox (badness 1052) in paragraph at lines 1217--1221
\T1/ptm/m/n/9 lin-ear RNNs via House-holder prod-ucts.  \T1/ptm/m/it/9 NeurIPS\
T1/ptm/m/n/9 , 2025.
 []

[10

] (kda-regime-arity.aux) )
Output written on kda-regime-arity.xdv (10 pages, 85084 bytes).
